// Jest Snapshot v1, https://goo.gl/fbAQLP

exports[`Buckets interface Snapshot renders correctly 1`] = `null`;
