// Jest Snapshot v1, https://goo.gl/fbAQLP

exports[`Testing the Dashboard container renders correctly 1`] = `null`;
