// Jest Snapshot v1, https://goo.gl/fbAQLP

exports[`Login Snapshot renders correctly 1`] = `
<div
  className="container"
>
  <div
    className="row"
  >
    <div
      className="col-md-4 col-md-offset-4"
    >
      <div
        className="login-panel panel panel-default"
      >
        <div
          className="panel-heading"
        >
          <h3
            className="panel-title"
          >
            Please Sign In
          </h3>
        </div>
        <div
          className="panel-body"
        >
          <form
            role="form"
          >
            <fieldset>
              <div
                className="form-group"
              >
                <input
                  autoFocus={true}
                  className="form-control"
                  name="username"
                  onChange={undefined}
                  placeholder="Username"
                  type="text"
                />
              </div>
              <div
                className="form-group"
              >
                <input
                  className="form-control"
                  name="password"
                  onChange={undefined}
                  placeholder="Password"
                  type="password"
                />
              </div>
              <a
                className="btn btn-lg btn-success btn-block"
                href="index.html"
                onClick={undefined}
              >
                Login
              </a>
              <a
                className="btn btn-lg btn-success btn-block"
                href="index.html"
                onClick={undefined}
              >
                Create Account
              </a>
            </fieldset>
          </form>
        </div>
      </div>
    </div>
  </div>
</div>
`;
